
Formation@Thor MINGW64 ~
$ pwd
/c/Users/Formation

Formation@Thor MINGW64 ~
$ mkdir ESHAIMI

Formation@Thor MINGW64 ~
$ cd ESHAIMI

Formation@Thor MINGW64 ~/ESHAIMI
$ ls

Formation@Thor MINGW64 ~/ESHAIMI
$ git clone https://github.com/ESHAIMIMohamed/projet_git.git
Cloning into 'projet_git'...
warning: You appear to have cloned an empty repository.

Formation@Thor MINGW64 ~/ESHAIMI
$ ls
projet_git/

Formation@Thor MINGW64 ~/ESHAIMI
$ ls
projet_git/

Formation@Thor MINGW64 ~/ESHAIMI
$ ls
projet_git/

Formation@Thor MINGW64 ~/ESHAIMI
$ git add main.py
fatal: not a git repository (or any of the parent directories): .git

Formation@Thor MINGW64 ~/ESHAIMI
$ cd projet_git

Formation@Thor MINGW64 ~/ESHAIMI/projet_git (master)
$ ls
main.py

Formation@Thor MINGW64 ~/ESHAIMI/projet_git (master)
$ git add test.py
fatal: pathspec 'test.py' did not match any files

Formation@Thor MINGW64 ~/ESHAIMI/projet_git (master)
$ git add main.py

Formation@Thor MINGW64 ~/ESHAIMI/projet_git (master)
$ git commit -m "ajout du fichier main.py"
Author identity unknown

*** Please tell me who you are.

Run

  git config --global user.email "you@example.com"
  git config --global user.name "Your Name"

to set your account's default identity.
Omit --global to set the identity only in this repository.

fatal: unable to auto-detect email address (got 'Formation@Thor.(none)')

Formation@Thor MINGW64 ~/ESHAIMI/projet_git (master)
$ git commit -m "ajout du fichier main.py"
Author identity unknown

*** Please tell me who you are.

Run

  git config --global user.email "you@example.com"
  git config --global user.name "Your Name"

to set your account's default identity.
Omit --global to set the identity only in this repository.

fatal: unable to auto-detect email address (got 'Formation@Thor.(none)')

Formation@Thor MINGW64 ~/ESHAIMI/projet_git (master)
$ git config --global user.eshaimi2012@hotmail.com

Formation@Thor MINGW64 ~/ESHAIMI/projet_git (master)
$ git add main.py

Formation@Thor MINGW64 ~/ESHAIMI/projet_git (master)
$ git commit -m "ajout du fichier main.py"
Author identity unknown

*** Please tell me who you are.

Run

  git config --global user.email "you@example.com"
  git config --global user.name "Your Name"

to set your account's default identity.
Omit --global to set the identity only in this repository.

fatal: unable to auto-detect email address (got 'Formation@Thor.(none)')

Formation@Thor MINGW64 ~/ESHAIMI/projet_git (master)
$ omit --global
bash: omit: command not found

Formation@Thor MINGW64 ~/ESHAIMI/projet_git (master)
$ omit --global
bash: omit: command not found

Formation@Thor MINGW64 ~/ESHAIMI/projet_git (master)
$ git commit -m "main"
Author identity unknown

*** Please tell me who you are.

Run

  git config --global user.email "you@example.com"
  git config --global user.name "Your Name"

to set your account's default identity.
Omit --global to set the identity only in this repository.

fatal: unable to auto-detect email address (got 'Formation@Thor.(none)')

Formation@Thor MINGW64 ~/ESHAIMI/projet_git (master)
$ git congif --global user.eshaimi2012@hotmail.com
git: 'congif' is not a git command. See 'git --help'.

The most similar command is
        config

Formation@Thor MINGW64 ~/ESHAIMI/projet_git (master)
$ git config --global user.eshaimi2012@hotmail.com

Formation@Thor MINGW64 ~/ESHAIMI/projet_git (master)
$ git commit -m "main"
Author identity unknown

*** Please tell me who you are.

Run

  git config --global user.email "you@example.com"
  git config --global user.name "Your Name"

to set your account's default identity.
Omit --global to set the identity only in this repository.

fatal: unable to auto-detect email address (got 'Formation@Thor.(none)')

Formation@Thor MINGW64 ~/ESHAIMI/projet_git (master)
$ git config --global user.ESHAIMIMohamed

Formation@Thor MINGW64 ~/ESHAIMI/projet_git (master)
$ /
bash: /: Is a directory

Formation@Thor MINGW64 ~/ESHAIMI/projet_git (master)
$ git config --global user.ESHAIMIMohamed

Formation@Thor MINGW64 ~/ESHAIMI/projet_git (master)
$ git commit -m "main"
Author identity unknown

*** Please tell me who you are.

Run

  git config --global user.email "you@example.com"
  git config --global user.name "Your Name"

to set your account's default identity.
Omit --global to set the identity only in this repository.

fatal: unable to auto-detect email address (got 'Formation@Thor.(none)')

Formation@Thor MINGW64 ~/ESHAIMI/projet_git (master)
$ Omit --global
bash: Omit: command not found

Formation@Thor MINGW64 ~/ESHAIMI/projet_git (master)
$ git Omit --global
git: 'Omit' is not a git command. See 'git --help'.

The most similar commands are
        commit
        init

Formation@Thor MINGW64 ~/ESHAIMI/projet_git (master)
$ git config --global user.name ESHAIMIMohamed

Formation@Thor MINGW64 ~/ESHAIMI/projet_git (master)
$ git commit -m "main"
Author identity unknown

*** Please tell me who you are.

Run

  git config --global user.email "you@example.com"
  git config --global user.name "Your Name"

to set your account's default identity.
Omit --global to set the identity only in this repository.

fatal: unable to auto-detect email address (got 'Formation@Thor.(none)')

Formation@Thor MINGW64 ~/ESHAIMI/projet_git (master)
$ git config --global user.email eshaimi2012@hotmail.com

Formation@Thor MINGW64 ~/ESHAIMI/projet_git (master)
$ git commit -m "main"
[master (root-commit) 52a5366] main
 1 file changed, 10 insertions(+)
 create mode 100644 main.py

Formation@Thor MINGW64 ~/ESHAIMI/projet_git (master)
$ git push
fatal: helper error (-1): authentication prompt was canceled
Enumerating objects: 3, done.
Counting objects: 100% (3/3), done.
Delta compression using up to 4 threads
Compressing objects: 100% (2/2), done.
Writing objects: 100% (3/3), 442 bytes | 442.00 KiB/s, done.
Total 3 (delta 0), reused 0 (delta 0), pack-reused 0
To https://github.com/ESHAIMIMohamed/projet_git.git
 * [new branch]      master -> master

Formation@Thor MINGW64 ~/ESHAIMI/projet_git (master)
$ git branch dev

Formation@Thor MINGW64 ~/ESHAIMI/projet_git (master)
$ gi checkout dev
bash: gi: command not found

Formation@Thor MINGW64 ~/ESHAIMI/projet_git (master)
$ git checkout dev
Switched to branch 'dev'

Formation@Thor MINGW64 ~/ESHAIMI/projet_git (dev)
$ ls
main.py

Formation@Thor MINGW64 ~/ESHAIMI/projet_git (dev)
$ git checkout master
Switched to branch 'master'
Your branch is up to date with 'origin/master'.

Formation@Thor MINGW64 ~/ESHAIMI/projet_git (master)
$ ls
main.py

Formation@Thor MINGW64 ~/ESHAIMI/projet_git (master)
$ git add *

Formation@Thor MINGW64 ~/ESHAIMI/projet_git (master)
$ git commit -m "changement"
On branch master
Your branch is up to date with 'origin/master'.

nothing to commit, working tree clean

Formation@Thor MINGW64 ~/ESHAIMI/projet_git (master)
$ git push --set-upsteam origin dev
error: unknown option `set-upsteam'
usage: git push [<options>] [<repository> [<refspec>...]]

    -v, --verbose         be more verbose
    -q, --quiet           be more quiet
    --repo <repository>   repository
    --all                 push all refs
    --mirror              mirror all refs
    -d, --delete          delete refs
    --tags                push tags (can't be used with --all or --mirror)
    -n, --dry-run         dry run
    --porcelain           machine-readable output
    -f, --force           force updates
    --force-with-lease[=<refname>:<expect>]
                          require old value of ref to be at this value
    --force-if-includes   require remote updates to be integrated locally
    --recurse-submodules (check|on-demand|no)
                          control recursive pushing of submodules
    --thin                use thin pack
    --receive-pack <receive-pack>
                          receive pack program
    --exec <receive-pack>
                          receive pack program
    -u, --set-upstream    set upstream for git pull/status
    --progress            force progress reporting
    --prune               prune locally removed refs
    --no-verify           bypass pre-push hook
    --follow-tags         push missing but relevant tags
    --signed[=(yes|no|if-asked)]
                          GPG sign the push
    --atomic              request atomic transaction on remote side
    -o, --push-option <server-specific>
                          option to transmit
    -4, --ipv4            use IPv4 addresses only
    -6, --ipv6            use IPv6 addresses only


Formation@Thor MINGW64 ~/ESHAIMI/projet_git (master)
$ git push --set-upstream origin dev
Total 0 (delta 0), reused 0 (delta 0), pack-reused 0
remote:
remote: Create a pull request for 'dev' on GitHub by visiting:
remote:      https://github.com/ESHAIMIMohamed/projet_git/pull/new/dev
remote:
To https://github.com/ESHAIMIMohamed/projet_git.git
 * [new branch]      dev -> dev
Branch 'dev' set up to track remote branch 'dev' from 'origin'.

Formation@Thor MINGW64 ~/ESHAIMI/projet_git (master)
$ git fatch
git: 'fatch' is not a git command. See 'git --help'.

The most similar command is
        fetch

Formation@Thor MINGW64 ~/ESHAIMI/projet_git (master)
$ git fetch
remote: Enumerating objects: 4, done.
remote: Counting objects: 100% (4/4), done.
remote: Compressing objects: 100% (2/2), done.
remote: Total 3 (delta 0), reused 0 (delta 0), pack-reused 0
Unpacking objects: 100% (3/3), 656 bytes | 41.00 KiB/s, done.
From https://github.com/ESHAIMIMohamed/projet_git
   52a5366..e503ae8  master     -> origin/master

Formation@Thor MINGW64 ~/ESHAIMI/projet_git (master)
$ get fetch --all
bash: get: command not found

Formation@Thor MINGW64 ~/ESHAIMI/projet_git (master)
$ git marge master
git: 'marge' is not a git command. See 'git --help'.

The most similar command is
        merge

Formation@Thor MINGW64 ~/ESHAIMI/projet_git (master)
$ git merge master
Already up to date.

Formation@Thor MINGW64 ~/ESHAIMI/projet_git (master)
$ ls
main.py

Formation@Thor MINGW64 ~/ESHAIMI/projet_git (master)
$ git checkout dev
Switched to branch 'dev'
Your branch is up to date with 'origin/dev'.

Formation@Thor MINGW64 ~/ESHAIMI/projet_git (dev)
$ git chekout master
git: 'chekout' is not a git command. See 'git --help'.

The most similar command is
        checkout

Formation@Thor MINGW64 ~/ESHAIMI/projet_git (dev)
$ git chekout master
git: 'chekout' is not a git command. See 'git --help'.

The most similar command is
        checkout

Formation@Thor MINGW64 ~/ESHAIMI/projet_git (dev)
$ git checkout master
Switched to branch 'master'
Your branch is behind 'origin/master' by 1 commit, and can be fast-forwarded.
  (use "git pull" to update your local branch)

Formation@Thor MINGW64 ~/ESHAIMI/projet_git (master)
$
